[2025-08-26T06:12:02.495+0000][gc,heap] Heap region size: 1M
[2025-08-26T06:12:02.498+0000][gc     ] Using G1
[2025-08-26T06:12:02.498+0000][gc,heap,coops] Heap address: 0x00000000e0000000, size: 512 MB, Compressed Oops mode: 32-bit
[2025-08-26T06:12:02.745+0000][gc,start     ] GC(0) Pause Young (Normal) (G1 Evacuation Pause)
[2025-08-26T06:12:02.746+0000][gc,task      ] GC(0) Using 6 workers of 13 for evacuation
[2025-08-26T06:12:02.749+0000][gc,phases    ] GC(0)   Pre Evacuate Collection Set: 0.0ms
[2025-08-26T06:12:02.749+0000][gc,phases    ] GC(0)   Evacuate Collection Set: 2.5ms
[2025-08-26T06:12:02.749+0000][gc,phases    ] GC(0)   Post Evacuate Collection Set: 0.1ms
[2025-08-26T06:12:02.749+0000][gc,phases    ] GC(0)   Other: 0.6ms
[2025-08-26T06:12:02.749+0000][gc,heap      ] GC(0) Eden regions: 12->0(10)
[2025-08-26T06:12:02.749+0000][gc,heap      ] GC(0) Survivor regions: 0->2(2)
[2025-08-26T06:12:02.749+0000][gc,heap      ] GC(0) Old regions: 0->4
[2025-08-26T06:12:02.749+0000][gc,heap      ] GC(0) Humongous regions: 0->0
[2025-08-26T06:12:02.749+0000][gc,metaspace ] GC(0) Metaspace: 12338K(12928K)->12338K(12928K) NonClass: 11145K(11520K)->11145K(11520K) Class: 1193K(1408K)->1193K(1408K)
[2025-08-26T06:12:02.749+0000][gc           ] GC(0) Pause Young (Normal) (G1 Evacuation Pause) 12M->5M(256M) 3.331ms
[2025-08-26T06:12:02.749+0000][gc,cpu       ] GC(0) User=0.02s Sys=0.00s Real=0.00s
[2025-08-26T06:12:02.834+0000][gc,start     ] GC(1) Pause Young (Normal) (G1 Evacuation Pause)
[2025-08-26T06:12:02.834+0000][gc,task      ] GC(1) Using 6 workers of 13 for evacuation
[2025-08-26T06:12:02.836+0000][gc,phases    ] GC(1)   Pre Evacuate Collection Set: 0.0ms
[2025-08-26T06:12:02.836+0000][gc,phases    ] GC(1)   Evacuate Collection Set: 1.3ms
[2025-08-26T06:12:02.836+0000][gc,phases    ] GC(1)   Post Evacuate Collection Set: 0.1ms
[2025-08-26T06:12:02.836+0000][gc,phases    ] GC(1)   Other: 0.1ms
[2025-08-26T06:12:02.836+0000][gc,heap      ] GC(1) Eden regions: 10->0(11)
[2025-08-26T06:12:02.836+0000][gc,heap      ] GC(1) Survivor regions: 2->1(2)
[2025-08-26T06:12:02.836+0000][gc,heap      ] GC(1) Old regions: 4->6
[2025-08-26T06:12:02.836+0000][gc,heap      ] GC(1) Humongous regions: 0->0
[2025-08-26T06:12:02.836+0000][gc,metaspace ] GC(1) Metaspace: 15021K(15488K)->15021K(15488K) NonClass: 13585K(13824K)->13585K(13824K) Class: 1435K(1664K)->1435K(1664K)
[2025-08-26T06:12:02.836+0000][gc           ] GC(1) Pause Young (Normal) (G1 Evacuation Pause) 15M->6M(256M) 1.537ms
[2025-08-26T06:12:02.836+0000][gc,cpu       ] GC(1) User=0.00s Sys=0.00s Real=0.01s
[2025-08-26T06:12:02.909+0000][gc,start     ] GC(2) Pause Young (Normal) (G1 Evacuation Pause)
[2025-08-26T06:12:02.909+0000][gc,task      ] GC(2) Using 6 workers of 13 for evacuation
[2025-08-26T06:12:02.910+0000][gc,phases    ] GC(2)   Pre Evacuate Collection Set: 0.0ms
[2025-08-26T06:12:02.910+0000][gc,phases    ] GC(2)   Evacuate Collection Set: 0.8ms
[2025-08-26T06:12:02.910+0000][gc,phases    ] GC(2)   Post Evacuate Collection Set: 0.1ms
[2025-08-26T06:12:02.910+0000][gc,phases    ] GC(2)   Other: 0.1ms
[2025-08-26T06:12:02.910+0000][gc,heap      ] GC(2) Eden regions: 11->0(10)
[2025-08-26T06:12:02.910+0000][gc,heap      ] GC(2) Survivor regions: 1->2(2)
[2025-08-26T06:12:02.910+0000][gc,heap      ] GC(2) Old regions: 6->6
[2025-08-26T06:12:02.910+0000][gc,heap      ] GC(2) Humongous regions: 0->0
[2025-08-26T06:12:02.910+0000][gc,metaspace ] GC(2) Metaspace: 18057K(18688K)->18057K(18688K) NonClass: 16159K(16640K)->16159K(16640K) Class: 1898K(2048K)->1898K(2048K)
[2025-08-26T06:12:02.910+0000][gc           ] GC(2) Pause Young (Normal) (G1 Evacuation Pause) 17M->6M(256M) 1.018ms
[2025-08-26T06:12:02.910+0000][gc,cpu       ] GC(2) User=0.01s Sys=0.00s Real=0.00s
[2025-08-26T06:12:02.978+0000][gc,start     ] GC(3) Pause Young (Concurrent Start) (Metadata GC Threshold)
[2025-08-26T06:12:02.978+0000][gc,task      ] GC(3) Using 6 workers of 13 for evacuation
[2025-08-26T06:12:02.979+0000][gc,phases    ] GC(3)   Pre Evacuate Collection Set: 0.0ms
[2025-08-26T06:12:02.979+0000][gc,phases    ] GC(3)   Evacuate Collection Set: 0.7ms
[2025-08-26T06:12:02.979+0000][gc,phases    ] GC(3)   Post Evacuate Collection Set: 0.1ms
[2025-08-26T06:12:02.979+0000][gc,phases    ] GC(3)   Other: 0.1ms
[2025-08-26T06:12:02.979+0000][gc,heap      ] GC(3) Eden regions: 10->0(10)
[2025-08-26T06:12:02.979+0000][gc,heap      ] GC(3) Survivor regions: 2->2(2)
[2025-08-26T06:12:02.979+0000][gc,heap      ] GC(3) Old regions: 6->6
[2025-08-26T06:12:02.979+0000][gc,heap      ] GC(3) Humongous regions: 0->0
[2025-08-26T06:12:02.979+0000][gc,metaspace ] GC(3) Metaspace: 20667K(21248K)->20667K(21248K) NonClass: 18503K(18944K)->18503K(18944K) Class: 2164K(2304K)->2164K(2304K)
[2025-08-26T06:12:02.979+0000][gc           ] GC(3) Pause Young (Concurrent Start) (Metadata GC Threshold) 16M->6M(256M) 1.003ms
[2025-08-26T06:12:02.979+0000][gc,cpu       ] GC(3) User=0.00s Sys=0.00s Real=0.00s
[2025-08-26T06:12:02.979+0000][gc           ] GC(4) Concurrent Cycle
[2025-08-26T06:12:02.979+0000][gc,marking   ] GC(4) Concurrent Clear Claimed Marks
[2025-08-26T06:12:02.979+0000][gc,marking   ] GC(4) Concurrent Clear Claimed Marks 0.019ms
[2025-08-26T06:12:02.979+0000][gc,marking   ] GC(4) Concurrent Scan Root Regions
[2025-08-26T06:12:02.980+0000][gc,marking   ] GC(4) Concurrent Scan Root Regions 0.538ms
[2025-08-26T06:12:02.980+0000][gc,marking   ] GC(4) Concurrent Mark (0.487s)
[2025-08-26T06:12:02.980+0000][gc,marking   ] GC(4) Concurrent Mark From Roots
[2025-08-26T06:12:02.980+0000][gc,task      ] GC(4) Using 3 workers of 3 for marking
[2025-08-26T06:12:02.981+0000][gc,marking   ] GC(4) Concurrent Mark From Roots 1.313ms
[2025-08-26T06:12:02.981+0000][gc,marking   ] GC(4) Concurrent Preclean
[2025-08-26T06:12:02.981+0000][gc,marking   ] GC(4) Concurrent Preclean 0.154ms
[2025-08-26T06:12:02.981+0000][gc,marking   ] GC(4) Concurrent Mark (0.487s, 0.489s) 1.516ms
[2025-08-26T06:12:02.981+0000][gc,start     ] GC(4) Pause Remark
[2025-08-26T06:12:02.982+0000][gc,stringtable] GC(4) Cleaned string and symbol table, strings: 7203 processed, 11 removed, symbols: 65022 processed, 21 removed
[2025-08-26T06:12:02.982+0000][gc            ] GC(4) Pause Remark 7M->7M(256M) 0.827ms
[2025-08-26T06:12:02.982+0000][gc,cpu        ] GC(4) User=0.00s Sys=0.00s Real=0.00s
[2025-08-26T06:12:02.982+0000][gc,marking    ] GC(4) Concurrent Rebuild Remembered Sets
[2025-08-26T06:12:02.983+0000][gc,marking    ] GC(4) Concurrent Rebuild Remembered Sets 0.706ms
[2025-08-26T06:12:02.983+0000][gc,start      ] GC(4) Pause Cleanup
[2025-08-26T06:12:02.983+0000][gc            ] GC(4) Pause Cleanup 7M->7M(256M) 0.053ms
[2025-08-26T06:12:02.983+0000][gc,cpu        ] GC(4) User=0.00s Sys=0.00s Real=0.00s
[2025-08-26T06:12:02.983+0000][gc,marking    ] GC(4) Concurrent Cleanup for Next Mark
[2025-08-26T06:12:02.983+0000][gc,marking    ] GC(4) Concurrent Cleanup for Next Mark 0.351ms
[2025-08-26T06:12:02.983+0000][gc            ] GC(4) Concurrent Cycle 4.362ms
[2025-08-26T06:12:03.051+0000][gc,start      ] GC(5) Pause Young (Normal) (G1 Evacuation Pause)
[2025-08-26T06:12:03.051+0000][gc,task       ] GC(5) Using 6 workers of 13 for evacuation
[2025-08-26T06:12:03.053+0000][gc,phases     ] GC(5)   Pre Evacuate Collection Set: 0.0ms
[2025-08-26T06:12:03.053+0000][gc,phases     ] GC(5)   Evacuate Collection Set: 1.4ms
[2025-08-26T06:12:03.053+0000][gc,phases     ] GC(5)   Post Evacuate Collection Set: 0.1ms
[2025-08-26T06:12:03.053+0000][gc,phases     ] GC(5)   Other: 0.1ms
[2025-08-26T06:12:03.053+0000][gc,heap       ] GC(5) Eden regions: 10->0(15)
[2025-08-26T06:12:03.053+0000][gc,heap       ] GC(5) Survivor regions: 2->2(2)
[2025-08-26T06:12:03.053+0000][gc,heap       ] GC(5) Old regions: 6->7
[2025-08-26T06:12:03.053+0000][gc,heap       ] GC(5) Humongous regions: 0->0
[2025-08-26T06:12:03.053+0000][gc,metaspace  ] GC(5) Metaspace: 22409K(22912K)->22409K(22912K) NonClass: 19934K(20224K)->19934K(20224K) Class: 2474K(2688K)->2474K(2688K)
[2025-08-26T06:12:03.053+0000][gc            ] GC(5) Pause Young (Normal) (G1 Evacuation Pause) 16M->7M(256M) 1.760ms
[2025-08-26T06:12:03.053+0000][gc,cpu        ] GC(5) User=0.01s Sys=0.00s Real=0.00s
[2025-08-26T06:12:03.209+0000][gc,start      ] GC(6) Pause Young (Normal) (G1 Evacuation Pause)
[2025-08-26T06:12:03.209+0000][gc,task       ] GC(6) Using 6 workers of 13 for evacuation
[2025-08-26T06:12:03.211+0000][gc,phases     ] GC(6)   Pre Evacuate Collection Set: 0.0ms
[2025-08-26T06:12:03.211+0000][gc,phases     ] GC(6)   Evacuate Collection Set: 1.1ms
[2025-08-26T06:12:03.211+0000][gc,phases     ] GC(6)   Post Evacuate Collection Set: 0.1ms
[2025-08-26T06:12:03.211+0000][gc,phases     ] GC(6)   Other: 0.1ms
[2025-08-26T06:12:03.211+0000][gc,heap       ] GC(6) Eden regions: 15->0(55)
[2025-08-26T06:12:03.211+0000][gc,heap       ] GC(6) Survivor regions: 2->2(3)
[2025-08-26T06:12:03.211+0000][gc,heap       ] GC(6) Old regions: 7->7
[2025-08-26T06:12:03.211+0000][gc,heap       ] GC(6) Humongous regions: 0->0
[2025-08-26T06:12:03.211+0000][gc,metaspace  ] GC(6) Metaspace: 26287K(27008K)->26287K(27008K) NonClass: 23410K(23808K)->23410K(23808K) Class: 2877K(3200K)->2877K(3200K)
[2025-08-26T06:12:03.211+0000][gc            ] GC(6) Pause Young (Normal) (G1 Evacuation Pause) 22M->7M(256M) 1.335ms
[2025-08-26T06:12:03.211+0000][gc,cpu        ] GC(6) User=0.01s Sys=0.00s Real=0.00s
[2025-08-26T06:12:03.569+0000][gc,start      ] GC(7) Pause Young (Concurrent Start) (G1 Humongous Allocation)
[2025-08-26T06:12:03.569+0000][gc,task       ] GC(7) Using 10 workers of 13 for evacuation
[2025-08-26T06:12:03.571+0000][gc,phases     ] GC(7)   Pre Evacuate Collection Set: 0.0ms
[2025-08-26T06:12:03.571+0000][gc,phases     ] GC(7)   Evacuate Collection Set: 2.1ms
[2025-08-26T06:12:03.571+0000][gc,phases     ] GC(7)   Post Evacuate Collection Set: 0.1ms
[2025-08-26T06:12:03.571+0000][gc,phases     ] GC(7)   Other: 0.4ms
[2025-08-26T06:12:03.571+0000][gc,heap       ] GC(7) Eden regions: 31->0(35)
[2025-08-26T06:12:03.571+0000][gc,heap       ] GC(7) Survivor regions: 2->3(8)
[2025-08-26T06:12:03.571+0000][gc,heap       ] GC(7) Old regions: 7->7
[2025-08-26T06:12:03.571+0000][gc,heap       ] GC(7) Humongous regions: 0->0
[2025-08-26T06:12:03.571+0000][gc,metaspace  ] GC(7) Metaspace: 31363K(32384K)->31363K(32384K) NonClass: 27836K(28416K)->27836K(28416K) Class: 3527K(3968K)->3527K(3968K)
[2025-08-26T06:12:03.571+0000][gc            ] GC(7) Pause Young (Concurrent Start) (G1 Humongous Allocation) 38M->8M(256M) 2.777ms
[2025-08-26T06:12:03.571+0000][gc,cpu        ] GC(7) User=0.02s Sys=0.00s Real=0.00s
[2025-08-26T06:12:03.571+0000][gc            ] GC(8) Concurrent Cycle
[2025-08-26T06:12:03.572+0000][gc,marking    ] GC(8) Concurrent Clear Claimed Marks
[2025-08-26T06:12:03.572+0000][gc,marking    ] GC(8) Concurrent Clear Claimed Marks 0.026ms
[2025-08-26T06:12:03.572+0000][gc,marking    ] GC(8) Concurrent Scan Root Regions
[2025-08-26T06:12:03.572+0000][gc,marking    ] GC(8) Concurrent Scan Root Regions 0.585ms
[2025-08-26T06:12:03.572+0000][gc,marking    ] GC(8) Concurrent Mark (1.080s)
[2025-08-26T06:12:03.572+0000][gc,marking    ] GC(8) Concurrent Mark From Roots
[2025-08-26T06:12:03.572+0000][gc,task       ] GC(8) Using 3 workers of 3 for marking
[2025-08-26T06:12:03.574+0000][gc,marking    ] GC(8) Concurrent Mark From Roots 1.985ms
[2025-08-26T06:12:03.574+0000][gc,marking    ] GC(8) Concurrent Preclean
[2025-08-26T06:12:03.574+0000][gc,marking    ] GC(8) Concurrent Preclean 0.195ms
[2025-08-26T06:12:03.574+0000][gc,marking    ] GC(8) Concurrent Mark (1.080s, 1.082s) 2.244ms
[2025-08-26T06:12:03.585+0000][gc,start      ] GC(8) Pause Remark
[2025-08-26T06:12:03.586+0000][gc,stringtable] GC(8) Cleaned string and symbol table, strings: 9696 processed, 0 removed, symbols: 91804 processed, 27 removed
[2025-08-26T06:12:03.586+0000][gc            ] GC(8) Pause Remark 138M->138M(256M) 0.985ms
[2025-08-26T06:12:03.586+0000][gc,cpu        ] GC(8) User=0.01s Sys=0.00s Real=0.00s
[2025-08-26T06:12:03.586+0000][gc,marking    ] GC(8) Concurrent Rebuild Remembered Sets
[2025-08-26T06:12:03.587+0000][gc,marking    ] GC(8) Concurrent Rebuild Remembered Sets 0.928ms
[2025-08-26T06:12:03.587+0000][gc,start      ] GC(8) Pause Cleanup
[2025-08-26T06:12:03.587+0000][gc            ] GC(8) Pause Cleanup 138M->138M(256M) 0.069ms
[2025-08-26T06:12:03.587+0000][gc,cpu        ] GC(8) User=0.00s Sys=0.00s Real=0.00s
[2025-08-26T06:12:03.587+0000][gc,marking    ] GC(8) Concurrent Cleanup for Next Mark
[2025-08-26T06:12:03.588+0000][gc,marking    ] GC(8) Concurrent Cleanup for Next Mark 1.226ms
[2025-08-26T06:12:03.588+0000][gc            ] GC(8) Concurrent Cycle 16.814ms
[2025-08-26T06:12:03.741+0000][gc,start      ] GC(9) Pause Young (Normal) (G1 Evacuation Pause)
[2025-08-26T06:12:03.741+0000][gc,task       ] GC(9) Using 13 workers of 13 for evacuation
[2025-08-26T06:12:03.746+0000][gc,phases     ] GC(9)   Pre Evacuate Collection Set: 0.0ms
[2025-08-26T06:12:03.746+0000][gc,phases     ] GC(9)   Evacuate Collection Set: 4.3ms
[2025-08-26T06:12:03.746+0000][gc,phases     ] GC(9)   Post Evacuate Collection Set: 0.2ms
[2025-08-26T06:12:03.746+0000][gc,phases     ] GC(9)   Other: 0.3ms
[2025-08-26T06:12:03.746+0000][gc,heap       ] GC(9) Eden regions: 33->0(37)
[2025-08-26T06:12:03.746+0000][gc,heap       ] GC(9) Survivor regions: 3->5(5)
[2025-08-26T06:12:03.746+0000][gc,heap       ] GC(9) Old regions: 7->7
[2025-08-26T06:12:03.746+0000][gc,heap       ] GC(9) Humongous regions: 129->129
[2025-08-26T06:12:03.746+0000][gc,metaspace  ] GC(9) Metaspace: 37665K(39040K)->37665K(39040K) NonClass: 33512K(34304K)->33512K(34304K) Class: 4153K(4736K)->4153K(4736K)
[2025-08-26T06:12:03.746+0000][gc            ] GC(9) Pause Young (Normal) (G1 Evacuation Pause) 170M->139M(256M) 4.971ms
[2025-08-26T06:12:03.746+0000][gc,cpu        ] GC(9) User=0.00s Sys=0.05s Real=0.01s
[2025-08-26T06:12:04.122+0000][gc,heap,exit  ] Heap
[2025-08-26T06:12:04.123+0000][gc,heap,exit  ]  garbage-first heap   total 262144K, used 167568K [0x00000000e0000000, 0x0000000100000000)
[2025-08-26T06:12:04.123+0000][gc,heap,exit  ]   region size 1024K, 30 young (30720K), 5 survivors (5120K)
[2025-08-26T06:12:04.123+0000][gc,heap,exit  ]  Metaspace       used 40991K, capacity 42346K, committed 42496K, reserved 1087488K
[2025-08-26T06:12:04.123+0000][gc,heap,exit  ]   class space    used 4652K, capacity 5287K, committed 5376K, reserved 1048576K
