[2025-08-25T17:36:06.725+0000][gc,heap] Heap region size: 1M
[2025-08-25T17:36:06.729+0000][gc     ] Using G1
[2025-08-25T17:36:06.729+0000][gc,heap,coops] Heap address: 0x00000000e0000000, size: 512 MB, Compressed Oops mode: 32-bit
[2025-08-25T17:36:06.920+0000][gc,start     ] GC(0) Pause Young (Normal) (G1 Evacuation Pause)
[2025-08-25T17:36:06.921+0000][gc,task      ] GC(0) Using 6 workers of 13 for evacuation
[2025-08-25T17:36:06.924+0000][gc,phases    ] GC(0)   Pre Evacuate Collection Set: 0.0ms
[2025-08-25T17:36:06.924+0000][gc,phases    ] GC(0)   Evacuate Collection Set: 2.8ms
[2025-08-25T17:36:06.924+0000][gc,phases    ] GC(0)   Post Evacuate Collection Set: 0.1ms
[2025-08-25T17:36:06.924+0000][gc,phases    ] GC(0)   Other: 0.5ms
[2025-08-25T17:36:06.924+0000][gc,heap      ] GC(0) Eden regions: 12->0(10)
[2025-08-25T17:36:06.924+0000][gc,heap      ] GC(0) Survivor regions: 0->2(2)
[2025-08-25T17:36:06.924+0000][gc,heap      ] GC(0) Old regions: 0->4
[2025-08-25T17:36:06.924+0000][gc,heap      ] GC(0) Humongous regions: 0->0
[2025-08-25T17:36:06.924+0000][gc,metaspace ] GC(0) Metaspace: 12359K(12928K)->12359K(12928K) NonClass: 11164K(11520K)->11164K(11520K) Class: 1195K(1408K)->1195K(1408K)
[2025-08-25T17:36:06.924+0000][gc           ] GC(0) Pause Young (Normal) (G1 Evacuation Pause) 12M->5M(256M) 3.524ms
[2025-08-25T17:36:06.924+0000][gc,cpu       ] GC(0) User=0.01s Sys=0.02s Real=0.01s
[2025-08-25T17:36:06.991+0000][gc,start     ] GC(1) Pause Young (Normal) (G1 Evacuation Pause)
[2025-08-25T17:36:06.991+0000][gc,task      ] GC(1) Using 6 workers of 13 for evacuation
[2025-08-25T17:36:06.992+0000][gc,phases    ] GC(1)   Pre Evacuate Collection Set: 0.0ms
[2025-08-25T17:36:06.992+0000][gc,phases    ] GC(1)   Evacuate Collection Set: 1.2ms
[2025-08-25T17:36:06.992+0000][gc,phases    ] GC(1)   Post Evacuate Collection Set: 0.1ms
[2025-08-25T17:36:06.992+0000][gc,phases    ] GC(1)   Other: 0.1ms
[2025-08-25T17:36:06.992+0000][gc,heap      ] GC(1) Eden regions: 10->0(11)
[2025-08-25T17:36:06.992+0000][gc,heap      ] GC(1) Survivor regions: 2->1(2)
[2025-08-25T17:36:06.992+0000][gc,heap      ] GC(1) Old regions: 4->6
[2025-08-25T17:36:06.992+0000][gc,heap      ] GC(1) Humongous regions: 0->0
[2025-08-25T17:36:06.992+0000][gc,metaspace ] GC(1) Metaspace: 15110K(15744K)->15110K(15744K) NonClass: 13648K(14080K)->13648K(14080K) Class: 1462K(1664K)->1462K(1664K)
[2025-08-25T17:36:06.993+0000][gc           ] GC(1) Pause Young (Normal) (G1 Evacuation Pause) 15M->6M(256M) 1.499ms
[2025-08-25T17:36:06.993+0000][gc,cpu       ] GC(1) User=0.00s Sys=0.00s Real=0.01s
[2025-08-25T17:36:07.063+0000][gc,start     ] GC(2) Pause Young (Normal) (G1 Evacuation Pause)
[2025-08-25T17:36:07.063+0000][gc,task      ] GC(2) Using 6 workers of 13 for evacuation
[2025-08-25T17:36:07.064+0000][gc,phases    ] GC(2)   Pre Evacuate Collection Set: 0.0ms
[2025-08-25T17:36:07.064+0000][gc,phases    ] GC(2)   Evacuate Collection Set: 0.5ms
[2025-08-25T17:36:07.064+0000][gc,phases    ] GC(2)   Post Evacuate Collection Set: 0.1ms
[2025-08-25T17:36:07.064+0000][gc,phases    ] GC(2)   Other: 0.1ms
[2025-08-25T17:36:07.064+0000][gc,heap      ] GC(2) Eden regions: 11->0(10)
[2025-08-25T17:36:07.064+0000][gc,heap      ] GC(2) Survivor regions: 1->2(2)
[2025-08-25T17:36:07.064+0000][gc,heap      ] GC(2) Old regions: 6->6
[2025-08-25T17:36:07.064+0000][gc,heap      ] GC(2) Humongous regions: 0->0
[2025-08-25T17:36:07.064+0000][gc,metaspace ] GC(2) Metaspace: 18078K(18688K)->18078K(18688K) NonClass: 16179K(16640K)->16179K(16640K) Class: 1899K(2048K)->1899K(2048K)
[2025-08-25T17:36:07.064+0000][gc           ] GC(2) Pause Young (Normal) (G1 Evacuation Pause) 17M->6M(256M) 0.716ms
[2025-08-25T17:36:07.064+0000][gc,cpu       ] GC(2) User=0.01s Sys=0.00s Real=0.00s
[2025-08-25T17:36:07.126+0000][gc,start     ] GC(3) Pause Young (Concurrent Start) (Metadata GC Threshold)
[2025-08-25T17:36:07.126+0000][gc,task      ] GC(3) Using 6 workers of 13 for evacuation
[2025-08-25T17:36:07.127+0000][gc,phases    ] GC(3)   Pre Evacuate Collection Set: 0.0ms
[2025-08-25T17:36:07.127+0000][gc,phases    ] GC(3)   Evacuate Collection Set: 0.7ms
[2025-08-25T17:36:07.127+0000][gc,phases    ] GC(3)   Post Evacuate Collection Set: 0.1ms
[2025-08-25T17:36:07.127+0000][gc,phases    ] GC(3)   Other: 0.2ms
[2025-08-25T17:36:07.127+0000][gc,heap      ] GC(3) Eden regions: 10->0(10)
[2025-08-25T17:36:07.127+0000][gc,heap      ] GC(3) Survivor regions: 2->2(2)
[2025-08-25T17:36:07.127+0000][gc,heap      ] GC(3) Old regions: 6->6
[2025-08-25T17:36:07.127+0000][gc,heap      ] GC(3) Humongous regions: 0->0
[2025-08-25T17:36:07.127+0000][gc,metaspace ] GC(3) Metaspace: 20672K(21248K)->20672K(21248K) NonClass: 18507K(18944K)->18507K(18944K) Class: 2164K(2304K)->2164K(2304K)
[2025-08-25T17:36:07.127+0000][gc           ] GC(3) Pause Young (Concurrent Start) (Metadata GC Threshold) 15M->6M(256M) 1.111ms
[2025-08-25T17:36:07.127+0000][gc,cpu       ] GC(3) User=0.01s Sys=0.00s Real=0.00s
[2025-08-25T17:36:07.127+0000][gc           ] GC(4) Concurrent Cycle
[2025-08-25T17:36:07.127+0000][gc,marking   ] GC(4) Concurrent Clear Claimed Marks
[2025-08-25T17:36:07.127+0000][gc,marking   ] GC(4) Concurrent Clear Claimed Marks 0.018ms
[2025-08-25T17:36:07.127+0000][gc,marking   ] GC(4) Concurrent Scan Root Regions
[2025-08-25T17:36:07.128+0000][gc,marking   ] GC(4) Concurrent Scan Root Regions 0.499ms
[2025-08-25T17:36:07.128+0000][gc,marking   ] GC(4) Concurrent Mark (0.405s)
[2025-08-25T17:36:07.128+0000][gc,marking   ] GC(4) Concurrent Mark From Roots
[2025-08-25T17:36:07.128+0000][gc,task      ] GC(4) Using 3 workers of 3 for marking
[2025-08-25T17:36:07.129+0000][gc,marking   ] GC(4) Concurrent Mark From Roots 1.614ms
[2025-08-25T17:36:07.129+0000][gc,marking   ] GC(4) Concurrent Preclean
[2025-08-25T17:36:07.130+0000][gc,marking   ] GC(4) Concurrent Preclean 0.164ms
[2025-08-25T17:36:07.130+0000][gc,marking   ] GC(4) Concurrent Mark (0.405s, 0.407s) 1.835ms
[2025-08-25T17:36:07.130+0000][gc,start     ] GC(4) Pause Remark
[2025-08-25T17:36:07.131+0000][gc,stringtable] GC(4) Cleaned string and symbol table, strings: 7236 processed, 10 removed, symbols: 65100 processed, 23 removed
[2025-08-25T17:36:07.131+0000][gc            ] GC(4) Pause Remark 7M->7M(256M) 0.912ms
[2025-08-25T17:36:07.131+0000][gc,cpu        ] GC(4) User=0.00s Sys=0.00s Real=0.00s
[2025-08-25T17:36:07.131+0000][gc,marking    ] GC(4) Concurrent Rebuild Remembered Sets
[2025-08-25T17:36:07.132+0000][gc,marking    ] GC(4) Concurrent Rebuild Remembered Sets 0.933ms
[2025-08-25T17:36:07.132+0000][gc,start      ] GC(4) Pause Cleanup
[2025-08-25T17:36:07.132+0000][gc            ] GC(4) Pause Cleanup 7M->7M(256M) 0.071ms
[2025-08-25T17:36:07.132+0000][gc,cpu        ] GC(4) User=0.00s Sys=0.00s Real=0.00s
[2025-08-25T17:36:07.132+0000][gc,marking    ] GC(4) Concurrent Cleanup for Next Mark
[2025-08-25T17:36:07.133+0000][gc,marking    ] GC(4) Concurrent Cleanup for Next Mark 0.747ms
[2025-08-25T17:36:07.133+0000][gc            ] GC(4) Concurrent Cycle 5.324ms
[2025-08-25T17:36:07.187+0000][gc,start      ] GC(5) Pause Young (Normal) (G1 Evacuation Pause)
[2025-08-25T17:36:07.187+0000][gc,task       ] GC(5) Using 6 workers of 13 for evacuation
[2025-08-25T17:36:07.188+0000][gc,phases     ] GC(5)   Pre Evacuate Collection Set: 0.0ms
[2025-08-25T17:36:07.188+0000][gc,phases     ] GC(5)   Evacuate Collection Set: 0.7ms
[2025-08-25T17:36:07.188+0000][gc,phases     ] GC(5)   Post Evacuate Collection Set: 0.1ms
[2025-08-25T17:36:07.188+0000][gc,phases     ] GC(5)   Other: 0.1ms
[2025-08-25T17:36:07.188+0000][gc,heap       ] GC(5) Eden regions: 10->0(15)
[2025-08-25T17:36:07.188+0000][gc,heap       ] GC(5) Survivor regions: 2->2(2)
[2025-08-25T17:36:07.188+0000][gc,heap       ] GC(5) Old regions: 6->6
[2025-08-25T17:36:07.188+0000][gc,heap       ] GC(5) Humongous regions: 0->0
[2025-08-25T17:36:07.188+0000][gc,metaspace  ] GC(5) Metaspace: 22604K(23168K)->22604K(23168K) NonClass: 20106K(20480K)->20106K(20480K) Class: 2498K(2688K)->2498K(2688K)
[2025-08-25T17:36:07.188+0000][gc            ] GC(5) Pause Young (Normal) (G1 Evacuation Pause) 16M->7M(256M) 0.970ms
[2025-08-25T17:36:07.188+0000][gc,cpu        ] GC(5) User=0.00s Sys=0.00s Real=0.00s
[2025-08-25T17:36:07.312+0000][gc,start      ] GC(6) Pause Young (Normal) (G1 Evacuation Pause)
[2025-08-25T17:36:07.312+0000][gc,task       ] GC(6) Using 6 workers of 13 for evacuation
[2025-08-25T17:36:07.314+0000][gc,phases     ] GC(6)   Pre Evacuate Collection Set: 0.0ms
[2025-08-25T17:36:07.314+0000][gc,phases     ] GC(6)   Evacuate Collection Set: 1.3ms
[2025-08-25T17:36:07.314+0000][gc,phases     ] GC(6)   Post Evacuate Collection Set: 0.1ms
[2025-08-25T17:36:07.314+0000][gc,phases     ] GC(6)   Other: 0.1ms
[2025-08-25T17:36:07.314+0000][gc,heap       ] GC(6) Eden regions: 15->0(70)
[2025-08-25T17:36:07.314+0000][gc,heap       ] GC(6) Survivor regions: 2->2(3)
[2025-08-25T17:36:07.314+0000][gc,heap       ] GC(6) Old regions: 6->6
[2025-08-25T17:36:07.314+0000][gc,heap       ] GC(6) Humongous regions: 0->0
[2025-08-25T17:36:07.314+0000][gc,metaspace  ] GC(6) Metaspace: 26336K(27008K)->26336K(27008K) NonClass: 23446K(23808K)->23446K(23808K) Class: 2889K(3200K)->2889K(3200K)
[2025-08-25T17:36:07.314+0000][gc            ] GC(6) Pause Young (Normal) (G1 Evacuation Pause) 22M->7M(256M) 1.554ms
[2025-08-25T17:36:07.314+0000][gc,cpu        ] GC(6) User=0.01s Sys=0.00s Real=0.00s
[2025-08-25T17:36:07.442+0000][gc,start      ] GC(7) Pause Young (Concurrent Start) (G1 Humongous Allocation)
[2025-08-25T17:36:07.442+0000][gc,task       ] GC(7) Using 10 workers of 13 for evacuation
[2025-08-25T17:36:07.443+0000][gc,phases     ] GC(7)   Pre Evacuate Collection Set: 0.0ms
[2025-08-25T17:36:07.443+0000][gc,phases     ] GC(7)   Evacuate Collection Set: 0.8ms
[2025-08-25T17:36:07.443+0000][gc,phases     ] GC(7)   Post Evacuate Collection Set: 0.1ms
[2025-08-25T17:36:07.443+0000][gc,phases     ] GC(7)   Other: 0.4ms
[2025-08-25T17:36:07.443+0000][gc,heap       ] GC(7) Eden regions: 16->0(22)
[2025-08-25T17:36:07.443+0000][gc,heap       ] GC(7) Survivor regions: 2->2(9)
[2025-08-25T17:36:07.443+0000][gc,heap       ] GC(7) Old regions: 6->6
[2025-08-25T17:36:07.443+0000][gc,heap       ] GC(7) Humongous regions: 0->0
[2025-08-25T17:36:07.443+0000][gc,metaspace  ] GC(7) Metaspace: 29314K(30336K)->29314K(30336K) NonClass: 26003K(26624K)->26003K(26624K) Class: 3310K(3712K)->3310K(3712K)
[2025-08-25T17:36:07.443+0000][gc            ] GC(7) Pause Young (Concurrent Start) (G1 Humongous Allocation) 22M->7M(256M) 1.465ms
[2025-08-25T17:36:07.443+0000][gc,cpu        ] GC(7) User=0.01s Sys=0.00s Real=0.00s
[2025-08-25T17:36:07.443+0000][gc            ] GC(8) Concurrent Cycle
[2025-08-25T17:36:07.443+0000][gc,marking    ] GC(8) Concurrent Clear Claimed Marks
[2025-08-25T17:36:07.443+0000][gc,marking    ] GC(8) Concurrent Clear Claimed Marks 0.029ms
[2025-08-25T17:36:07.443+0000][gc,marking    ] GC(8) Concurrent Scan Root Regions
[2025-08-25T17:36:07.444+0000][gc,marking    ] GC(8) Concurrent Scan Root Regions 0.624ms
[2025-08-25T17:36:07.444+0000][gc,marking    ] GC(8) Concurrent Mark (0.721s)
[2025-08-25T17:36:07.444+0000][gc,marking    ] GC(8) Concurrent Mark From Roots
[2025-08-25T17:36:07.444+0000][gc,task       ] GC(8) Using 3 workers of 3 for marking
[2025-08-25T17:36:07.446+0000][gc,marking    ] GC(8) Concurrent Mark From Roots 1.832ms
[2025-08-25T17:36:07.446+0000][gc,marking    ] GC(8) Concurrent Preclean
[2025-08-25T17:36:07.446+0000][gc,marking    ] GC(8) Concurrent Preclean 0.204ms
[2025-08-25T17:36:07.446+0000][gc,marking    ] GC(8) Concurrent Mark (0.721s, 0.723s) 2.091ms
[2025-08-25T17:36:07.458+0000][gc,start      ] GC(8) Pause Remark
[2025-08-25T17:36:07.459+0000][gc,stringtable] GC(8) Cleaned string and symbol table, strings: 9140 processed, 1 removed, symbols: 88127 processed, 27 removed
[2025-08-25T17:36:07.459+0000][gc            ] GC(8) Pause Remark 136M->136M(256M) 0.964ms
[2025-08-25T17:36:07.459+0000][gc,cpu        ] GC(8) User=0.00s Sys=0.01s Real=0.00s
[2025-08-25T17:36:07.459+0000][gc,marking    ] GC(8) Concurrent Rebuild Remembered Sets
[2025-08-25T17:36:07.460+0000][gc,marking    ] GC(8) Concurrent Rebuild Remembered Sets 0.882ms
[2025-08-25T17:36:07.460+0000][gc,start      ] GC(8) Pause Cleanup
[2025-08-25T17:36:07.460+0000][gc            ] GC(8) Pause Cleanup 137M->137M(256M) 0.079ms
[2025-08-25T17:36:07.460+0000][gc,cpu        ] GC(8) User=0.00s Sys=0.00s Real=0.00s
[2025-08-25T17:36:07.460+0000][gc,marking    ] GC(8) Concurrent Cleanup for Next Mark
[2025-08-25T17:36:07.461+0000][gc,marking    ] GC(8) Concurrent Cleanup for Next Mark 1.298ms
[2025-08-25T17:36:07.461+0000][gc            ] GC(8) Concurrent Cycle 18.231ms
[2025-08-25T17:36:07.558+0000][gc,start      ] GC(9) Pause Young (Normal) (G1 Evacuation Pause)
[2025-08-25T17:36:07.559+0000][gc,task       ] GC(9) Using 13 workers of 13 for evacuation
[2025-08-25T17:36:07.565+0000][gc,phases     ] GC(9)   Pre Evacuate Collection Set: 0.0ms
[2025-08-25T17:36:07.565+0000][gc,phases     ] GC(9)   Evacuate Collection Set: 5.8ms
[2025-08-25T17:36:07.565+0000][gc,phases     ] GC(9)   Post Evacuate Collection Set: 0.3ms
[2025-08-25T17:36:07.565+0000][gc,phases     ] GC(9)   Other: 0.4ms
[2025-08-25T17:36:07.565+0000][gc,heap       ] GC(9) Eden regions: 22->0(25)
[2025-08-25T17:36:07.565+0000][gc,heap       ] GC(9) Survivor regions: 2->3(3)
[2025-08-25T17:36:07.565+0000][gc,heap       ] GC(9) Old regions: 6->7
[2025-08-25T17:36:07.565+0000][gc,heap       ] GC(9) Humongous regions: 129->129
[2025-08-25T17:36:07.565+0000][gc,metaspace  ] GC(9) Metaspace: 33767K(34816K)->33767K(34816K) NonClass: 30098K(30720K)->30098K(30720K) Class: 3668K(4096K)->3668K(4096K)
[2025-08-25T17:36:07.565+0000][gc            ] GC(9) Pause Young (Normal) (G1 Evacuation Pause) 158M->138M(256M) 6.602ms
[2025-08-25T17:36:07.565+0000][gc,cpu        ] GC(9) User=0.05s Sys=0.03s Real=0.01s
[2025-08-25T17:36:07.696+0000][gc,start      ] GC(10) Pause Young (Concurrent Start) (G1 Evacuation Pause)
[2025-08-25T17:36:07.696+0000][gc,task       ] GC(10) Using 13 workers of 13 for evacuation
[2025-08-25T17:36:07.702+0000][gc,phases     ] GC(10)   Pre Evacuate Collection Set: 0.1ms
[2025-08-25T17:36:07.703+0000][gc,phases     ] GC(10)   Evacuate Collection Set: 6.3ms
[2025-08-25T17:36:07.703+0000][gc,phases     ] GC(10)   Post Evacuate Collection Set: 0.2ms
[2025-08-25T17:36:07.703+0000][gc,phases     ] GC(10)   Other: 0.1ms
[2025-08-25T17:36:07.703+0000][gc,heap       ] GC(10) Eden regions: 25->0(28)
[2025-08-25T17:36:07.703+0000][gc,heap       ] GC(10) Survivor regions: 3->4(4)
[2025-08-25T17:36:07.703+0000][gc,heap       ] GC(10) Old regions: 7->8
[2025-08-25T17:36:07.703+0000][gc,heap       ] GC(10) Humongous regions: 129->129
[2025-08-25T17:36:07.703+0000][gc,metaspace  ] GC(10) Metaspace: 37523K(38656K)->37523K(38656K) NonClass: 33413K(34048K)->33413K(34048K) Class: 4109K(4608K)->4109K(4608K)
[2025-08-25T17:36:07.703+0000][gc            ] GC(10) Pause Young (Concurrent Start) (G1 Evacuation Pause) 163M->140M(256M) 6.735ms
[2025-08-25T17:36:07.703+0000][gc,cpu        ] GC(10) User=0.03s Sys=0.05s Real=0.01s
[2025-08-25T17:36:07.703+0000][gc            ] GC(11) Concurrent Cycle
[2025-08-25T17:36:07.703+0000][gc,marking    ] GC(11) Concurrent Clear Claimed Marks
[2025-08-25T17:36:07.703+0000][gc,marking    ] GC(11) Concurrent Clear Claimed Marks 0.028ms
[2025-08-25T17:36:07.703+0000][gc,marking    ] GC(11) Concurrent Scan Root Regions
[2025-08-25T17:36:07.704+0000][gc,marking    ] GC(11) Concurrent Scan Root Regions 0.812ms
[2025-08-25T17:36:07.704+0000][gc,marking    ] GC(11) Concurrent Mark (0.981s)
[2025-08-25T17:36:07.704+0000][gc,marking    ] GC(11) Concurrent Mark From Roots
[2025-08-25T17:36:07.704+0000][gc,task       ] GC(11) Using 3 workers of 3 for marking
[2025-08-25T17:36:07.706+0000][gc,marking    ] GC(11) Concurrent Mark From Roots 2.206ms
[2025-08-25T17:36:07.706+0000][gc,marking    ] GC(11) Concurrent Preclean
[2025-08-25T17:36:07.706+0000][gc,marking    ] GC(11) Concurrent Preclean 0.134ms
[2025-08-25T17:36:07.706+0000][gc,marking    ] GC(11) Concurrent Mark (0.981s, 0.983s) 2.390ms
[2025-08-25T17:36:07.706+0000][gc,start      ] GC(11) Pause Remark
[2025-08-25T17:36:07.707+0000][gc,stringtable] GC(11) Cleaned string and symbol table, strings: 12141 processed, 1 removed, symbols: 103435 processed, 10 removed
[2025-08-25T17:36:07.707+0000][gc            ] GC(11) Pause Remark 141M->141M(256M) 0.955ms
[2025-08-25T17:36:07.707+0000][gc,cpu        ] GC(11) User=0.01s Sys=0.00s Real=0.00s
[2025-08-25T17:36:07.707+0000][gc,marking    ] GC(11) Concurrent Rebuild Remembered Sets
[2025-08-25T17:36:07.708+0000][gc,marking    ] GC(11) Concurrent Rebuild Remembered Sets 1.286ms
[2025-08-25T17:36:07.708+0000][gc,start      ] GC(11) Pause Cleanup
[2025-08-25T17:36:07.708+0000][gc            ] GC(11) Pause Cleanup 141M->141M(256M) 0.055ms
[2025-08-25T17:36:07.708+0000][gc,cpu        ] GC(11) User=0.00s Sys=0.00s Real=0.00s
[2025-08-25T17:36:07.708+0000][gc,marking    ] GC(11) Concurrent Cleanup for Next Mark
[2025-08-25T17:36:07.709+0000][gc,marking    ] GC(11) Concurrent Cleanup for Next Mark 0.184ms
[2025-08-25T17:36:07.709+0000][gc            ] GC(11) Concurrent Cycle 5.960ms
[2025-08-25T17:36:07.919+0000][gc,start      ] GC(12) Pause Young (Normal) (G1 Evacuation Pause)
[2025-08-25T17:36:07.919+0000][gc,task       ] GC(12) Using 13 workers of 13 for evacuation
[2025-08-25T17:36:07.926+0000][gc,phases     ] GC(12)   Pre Evacuate Collection Set: 0.0ms
[2025-08-25T17:36:07.926+0000][gc,phases     ] GC(12)   Evacuate Collection Set: 6.6ms
[2025-08-25T17:36:07.926+0000][gc,phases     ] GC(12)   Post Evacuate Collection Set: 0.1ms
[2025-08-25T17:36:07.926+0000][gc,phases     ] GC(12)   Other: 0.1ms
[2025-08-25T17:36:07.926+0000][gc,heap       ] GC(12) Eden regions: 28->0(28)
[2025-08-25T17:36:07.926+0000][gc,heap       ] GC(12) Survivor regions: 4->2(4)
[2025-08-25T17:36:07.926+0000][gc,heap       ] GC(12) Old regions: 8->12
[2025-08-25T17:36:07.926+0000][gc,heap       ] GC(12) Humongous regions: 129->129
[2025-08-25T17:36:07.926+0000][gc,metaspace  ] GC(12) Metaspace: 43541K(45184K)->43541K(45184K) NonClass: 38705K(39680K)->38705K(39680K) Class: 4836K(5504K)->4836K(5504K)
[2025-08-25T17:36:07.926+0000][gc            ] GC(12) Pause Young (Normal) (G1 Evacuation Pause) 168M->142M(256M) 6.955ms
[2025-08-25T17:36:07.926+0000][gc,cpu        ] GC(12) User=0.02s Sys=0.07s Real=0.01s
[2025-08-25T17:36:17.881+0000][gc,start      ] GC(13) Pause Young (Concurrent Start) (G1 Evacuation Pause)
[2025-08-25T17:36:17.881+0000][gc,task       ] GC(13) Using 13 workers of 13 for evacuation
[2025-08-25T17:36:17.883+0000][gc,phases     ] GC(13)   Pre Evacuate Collection Set: 0.1ms
[2025-08-25T17:36:17.883+0000][gc,phases     ] GC(13)   Evacuate Collection Set: 1.7ms
[2025-08-25T17:36:17.883+0000][gc,phases     ] GC(13)   Post Evacuate Collection Set: 0.2ms
[2025-08-25T17:36:17.883+0000][gc,phases     ] GC(13)   Other: 0.1ms
[2025-08-25T17:36:17.883+0000][gc,heap       ] GC(13) Eden regions: 28->0(32)
[2025-08-25T17:36:17.883+0000][gc,heap       ] GC(13) Survivor regions: 2->4(4)
[2025-08-25T17:36:17.883+0000][gc,heap       ] GC(13) Old regions: 12->12
[2025-08-25T17:36:17.883+0000][gc,heap       ] GC(13) Humongous regions: 129->129
[2025-08-25T17:36:17.883+0000][gc,metaspace  ] GC(13) Metaspace: 47760K(49920K)->47760K(49920K) NonClass: 42108K(43264K)->42108K(43264K) Class: 5651K(6656K)->5651K(6656K)
[2025-08-25T17:36:17.883+0000][gc            ] GC(13) Pause Young (Concurrent Start) (G1 Evacuation Pause) 170M->144M(256M) 2.251ms
[2025-08-25T17:36:17.883+0000][gc,cpu        ] GC(13) User=0.01s Sys=0.00s Real=0.01s
[2025-08-25T17:36:17.883+0000][gc            ] GC(14) Concurrent Cycle
[2025-08-25T17:36:17.883+0000][gc,marking    ] GC(14) Concurrent Clear Claimed Marks
[2025-08-25T17:36:17.883+0000][gc,marking    ] GC(14) Concurrent Clear Claimed Marks 0.043ms
[2025-08-25T17:36:17.883+0000][gc,marking    ] GC(14) Concurrent Scan Root Regions
[2025-08-25T17:36:17.884+0000][gc,marking    ] GC(14) Concurrent Scan Root Regions 0.709ms
[2025-08-25T17:36:17.884+0000][gc,marking    ] GC(14) Concurrent Mark (11.161s)
[2025-08-25T17:36:17.884+0000][gc,marking    ] GC(14) Concurrent Mark From Roots
[2025-08-25T17:36:17.884+0000][gc,task       ] GC(14) Using 3 workers of 3 for marking
[2025-08-25T17:36:17.888+0000][gc,marking    ] GC(14) Concurrent Mark From Roots 4.020ms
[2025-08-25T17:36:17.888+0000][gc,marking    ] GC(14) Concurrent Preclean
[2025-08-25T17:36:17.888+0000][gc,marking    ] GC(14) Concurrent Preclean 0.145ms
[2025-08-25T17:36:17.888+0000][gc,marking    ] GC(14) Concurrent Mark (11.161s, 11.165s) 4.222ms
[2025-08-25T17:36:17.889+0000][gc,start      ] GC(14) Pause Remark
[2025-08-25T17:36:17.890+0000][gc,stringtable] GC(14) Cleaned string and symbol table, strings: 16122 processed, 14 removed, symbols: 126013 processed, 7 removed
[2025-08-25T17:36:17.890+0000][gc            ] GC(14) Pause Remark 144M->144M(256M) 1.265ms
[2025-08-25T17:36:17.890+0000][gc,cpu        ] GC(14) User=0.01s Sys=0.01s Real=0.00s
[2025-08-25T17:36:17.890+0000][gc,marking    ] GC(14) Concurrent Rebuild Remembered Sets
[2025-08-25T17:36:17.892+0000][gc,marking    ] GC(14) Concurrent Rebuild Remembered Sets 2.170ms
[2025-08-25T17:36:17.892+0000][gc,start      ] GC(14) Pause Cleanup
[2025-08-25T17:36:17.892+0000][gc            ] GC(14) Pause Cleanup 144M->144M(256M) 0.048ms
[2025-08-25T17:36:17.892+0000][gc,cpu        ] GC(14) User=0.00s Sys=0.00s Real=0.00s
[2025-08-25T17:36:17.892+0000][gc,marking    ] GC(14) Concurrent Cleanup for Next Mark
[2025-08-25T17:36:17.892+0000][gc,marking    ] GC(14) Concurrent Cleanup for Next Mark 0.194ms
[2025-08-25T17:36:17.892+0000][gc            ] GC(14) Concurrent Cycle 9.031ms
[2025-08-25T17:39:28.177+0000][gc,start      ] GC(15) Pause Young (Normal) (G1 Evacuation Pause)
[2025-08-25T17:39:28.177+0000][gc,task       ] GC(15) Using 13 workers of 13 for evacuation
[2025-08-25T17:39:28.180+0000][gc,phases     ] GC(15)   Pre Evacuate Collection Set: 0.0ms
[2025-08-25T17:39:28.180+0000][gc,phases     ] GC(15)   Evacuate Collection Set: 3.2ms
[2025-08-25T17:39:28.180+0000][gc,phases     ] GC(15)   Post Evacuate Collection Set: 0.3ms
[2025-08-25T17:39:28.180+0000][gc,phases     ] GC(15)   Other: 0.1ms
[2025-08-25T17:39:28.180+0000][gc,heap       ] GC(15) Eden regions: 32->0(67)
[2025-08-25T17:39:28.181+0000][gc,heap       ] GC(15) Survivor regions: 4->4(5)
[2025-08-25T17:39:28.181+0000][gc,heap       ] GC(15) Old regions: 12->14
[2025-08-25T17:39:28.181+0000][gc,heap       ] GC(15) Humongous regions: 129->129
[2025-08-25T17:39:28.181+0000][gc,metaspace  ] GC(15) Metaspace: 51731K(54400K)->51731K(54400K) NonClass: 45447K(46848K)->45447K(46848K) Class: 6283K(7552K)->6283K(7552K)
[2025-08-25T17:39:28.181+0000][gc            ] GC(15) Pause Young (Normal) (G1 Evacuation Pause) 176M->146M(256M) 3.754ms
[2025-08-25T17:39:28.181+0000][gc,cpu        ] GC(15) User=0.01s Sys=0.04s Real=0.00s
[2025-08-25T17:59:22.213+0000][gc,start      ] GC(16) Pause Young (Concurrent Start) (G1 Evacuation Pause)
[2025-08-25T17:59:22.213+0000][gc,task       ] GC(16) Using 13 workers of 13 for evacuation
[2025-08-25T17:59:22.218+0000][gc,phases     ] GC(16)   Pre Evacuate Collection Set: 0.2ms
[2025-08-25T17:59:22.218+0000][gc,phases     ] GC(16)   Evacuate Collection Set: 4.6ms
[2025-08-25T17:59:22.218+0000][gc,phases     ] GC(16)   Post Evacuate Collection Set: 0.3ms
[2025-08-25T17:59:22.218+0000][gc,phases     ] GC(16)   Other: 0.2ms
[2025-08-25T17:59:22.218+0000][gc,heap       ] GC(16) Eden regions: 67->0(68)
[2025-08-25T17:59:22.218+0000][gc,heap       ] GC(16) Survivor regions: 4->6(9)
[2025-08-25T17:59:22.218+0000][gc,heap       ] GC(16) Old regions: 14->14
[2025-08-25T17:59:22.218+0000][gc,heap       ] GC(16) Humongous regions: 129->129
[2025-08-25T17:59:22.218+0000][gc,metaspace  ] GC(16) Metaspace: 52268K(55040K)->52268K(55040K) NonClass: 45940K(47360K)->45940K(47360K) Class: 6328K(7680K)->6328K(7680K)
[2025-08-25T17:59:22.218+0000][gc            ] GC(16) Pause Young (Concurrent Start) (G1 Evacuation Pause) 213M->148M(256M) 5.425ms
[2025-08-25T17:59:22.218+0000][gc,cpu        ] GC(16) User=0.01s Sys=0.04s Real=0.00s
[2025-08-25T17:59:22.218+0000][gc            ] GC(17) Concurrent Cycle
[2025-08-25T17:59:22.219+0000][gc,marking    ] GC(17) Concurrent Clear Claimed Marks
[2025-08-25T17:59:22.219+0000][gc,marking    ] GC(17) Concurrent Clear Claimed Marks 0.223ms
[2025-08-25T17:59:22.219+0000][gc,marking    ] GC(17) Concurrent Scan Root Regions
[2025-08-25T17:59:22.220+0000][gc,marking    ] GC(17) Concurrent Scan Root Regions 1.322ms
[2025-08-25T17:59:22.220+0000][gc,marking    ] GC(17) Concurrent Mark (1395.497s)
[2025-08-25T17:59:22.220+0000][gc,marking    ] GC(17) Concurrent Mark From Roots
[2025-08-25T17:59:22.220+0000][gc,task       ] GC(17) Using 3 workers of 3 for marking
[2025-08-25T17:59:22.224+0000][gc,marking    ] GC(17) Concurrent Mark From Roots 4.216ms
[2025-08-25T17:59:22.224+0000][gc,marking    ] GC(17) Concurrent Preclean
[2025-08-25T17:59:22.225+0000][gc,marking    ] GC(17) Concurrent Preclean 0.187ms
[2025-08-25T17:59:22.225+0000][gc,marking    ] GC(17) Concurrent Mark (1395.497s, 1395.502s) 4.440ms
[2025-08-25T17:59:22.225+0000][gc,start      ] GC(17) Pause Remark
[2025-08-25T17:59:22.228+0000][gc,stringtable] GC(17) Cleaned string and symbol table, strings: 17547 processed, 282 removed, symbols: 128574 processed, 3 removed
[2025-08-25T17:59:22.228+0000][gc            ] GC(17) Pause Remark 148M->148M(256M) 3.560ms
[2025-08-25T17:59:22.228+0000][gc,cpu        ] GC(17) User=0.04s Sys=0.00s Real=0.00s
[2025-08-25T17:59:22.228+0000][gc,marking    ] GC(17) Concurrent Rebuild Remembered Sets
[2025-08-25T17:59:22.231+0000][gc,marking    ] GC(17) Concurrent Rebuild Remembered Sets 2.327ms
[2025-08-25T17:59:22.231+0000][gc,start      ] GC(17) Pause Cleanup
[2025-08-25T17:59:22.231+0000][gc            ] GC(17) Pause Cleanup 148M->148M(256M) 0.064ms
[2025-08-25T17:59:22.231+0000][gc,cpu        ] GC(17) User=0.00s Sys=0.00s Real=0.00s
[2025-08-25T17:59:22.231+0000][gc,marking    ] GC(17) Concurrent Cleanup for Next Mark
[2025-08-25T17:59:22.231+0000][gc,marking    ] GC(17) Concurrent Cleanup for Next Mark 0.126ms
[2025-08-25T17:59:22.231+0000][gc            ] GC(17) Concurrent Cycle 12.399ms
[2025-08-25T18:03:36.076+0000][gc,heap,exit  ] Heap
[2025-08-25T18:03:36.076+0000][gc,heap,exit  ]  garbage-first heap   total 262144K, used 176301K [0x00000000e0000000, 0x0000000100000000)
[2025-08-25T18:03:36.076+0000][gc,heap,exit  ]   region size 1024K, 31 young (31744K), 6 survivors (6144K)
[2025-08-25T18:03:36.076+0000][gc,heap,exit  ]  Metaspace       used 52951K, capacity 55754K, committed 55808K, reserved 1097728K
[2025-08-25T18:03:36.076+0000][gc,heap,exit  ]   class space    used 6521K, capacity 7900K, committed 7936K, reserved 1048576K
